[ginomallare.wordpress.com/index.html]
[backblue.gif]
[fade.gif]
[index.html]
[s0.wp.com/wp-content/plugins/custom-fonts/js/webfont.js]
[s2.wp.com/wp-content/mu-plugins/global-print/global-printa1cf.css]
[ginomallare.wordpress.com/comments/feed/index.html]
[ginomallare.wordpress.com/feed/index.html]
[s0.wp.com/wp-content/themes/h4/global21a2.css]
[s0.wp.com/wp-content/mu-plugins/highlander-comments/style095c.css]
[ginomallare.wordpress.com/xmlrpc0db0.php]
[s2.wp.com/i/webclip.png]
[ginomallare.wordpress.com/osd.xml]
[ginomallare.wordpress.com/indexdd8f.html]
[ginomallare.files.wordpress.com/2015/12/logo-red7a73.png]
[ginomallare.files.wordpress.com/2015/05/dsc_0320-edita492.jpg]
[ginomallare.files.wordpress.com/2015/05/dsc_7515a492.jpg]
[0.gravatar.com/js/gprofilesb52c.js]
[ginomallare.wordpress.com/2015/05/16/mark-gracey/index.html]
[s1.wp.com/wp-content/mu-plugins/gravatar-hovercards/wpgrohodc5c.js]
[s1.wp.com/_static/indexeb49.html]
[ginomallare.wordpress.com/2015/05/16/bnw-challenge/index.html]
[ginomallare.wordpress.com/GET]
[s0.wp.com/wp-content/mu-plugins/actionbar/actionbar2866.css]
[s0.wp.com/wp-content/mu-plugins/actionbar/actionbar5efb.js]
[stats.wp.com/w44f6.js]
[ginomallare.wordpress.com/wp-content/plugins/ie-sitemode/custom-jumplist.php]
[pixel.wp.com/b0b80.gif]
[ginomallare.wordpress.com/index.html]
[ginomallare.wordpress.com/xmlrpc.php]
[s2.wp.com/wp-content/mu-plugins/global-print/global-printa1cf.css]
[s0.wp.com/wp-content/themes/h4/global21a2.css]
[s0.wp.com/wp-content/mu-plugins/highlander-comments/images/postto-buttons.png]
[s0.wp.com/wp-content/mu-plugins/highlander-comments/images/button-back.gif]
[s0.wp.com/wp-content/mu-plugins/highlander-comments/images/button-back-over.gif]
[s0.wp.com/wp-content/mu-plugins/highlander-comments/style095c.css]
[s0.wp.com/wp-content/mu-plugins/highlander-comments/images/loader.gif]
[ginomallare.wordpress.com/indexdd8f.html]
[ginomallare.wordpress.com/2015/05/16/mark-gracey/feed/index.html]
[ginomallare.files.wordpress.com/2015/05/dsc_0320-editb82b.jpg]
[ginomallare.files.wordpress.com/2015/05/dsc_0320-edit4c13.jpg]
[ginomallare.wordpress.com/2015/05/16/mark-gracey/amp/index.html]
[ginomallare.files.wordpress.com/2015/05/mng-1-2.19.delayed]
[ginomallare.files.wordpress.com/2015/05/dsc_02554c13.jpg]
[ginomallare.files.wordpress.com/2015/05/dsc_02874c13.jpg]
[ginomallare.files.wordpress.com/2015/05/dsc_04896410.jpg]
[ginomallare.files.wordpress.com/2015/05/dsc_06876410.jpg]
[ginomallare.wordpress.com/2015/05/16/mark-gracey/GET]
[ginomallare.wordpress.com/2015/05/16/mark-gracey/index.html]
[s0.wp.com/_static/index9467.html]
[ginomallare.wordpress.com/author/ginomallare/index.html]
[ginomallare.wordpress.com/category/prenup/index.html]
[ginomallare.wordpress.com/2015/05/16/bnw-challenge/feed/index.html]
[ginomallare.files.wordpress.com/2015/05/dsc_7515b82b.jpg]
[ginomallare.wordpress.com/2015/05/16/bnw-challenge/amp/index.html]
[ginomallare.files.wordpress.com/2015/05/10548142_10203126214456116_4442925359538510851_oe815.jpg]
[ginomallare.files.wordpress.com/2015/05/1978560_10203120947724451_8975632918380019757_o4c13.jpg]
[ginomallare.files.wordpress.com/2015/05/10542080_10203114201315795_8977939488165743053_o899e.jpg]
[ginomallare.files.wordpress.com/2015/05/10708702_10203097105088400_5398909783188822889_o-14c13.jpg]
[ginomallare.files.wordpress.com/2015/05/dsc_75154c13.jpg]
[ginomallare.wordpress.com/2015/05/16/bnw-challenge/GET]
[ginomallare.wordpress.com/2015/05/16/bnw-challenge/index.html]
[ginomallare.wordpress.com/category/landscape/index.html]
[ginomallare.wordpress.com/2015/05/16/bnw-challenge/index7610.html]
[ginomallare.wordpress.com/GET.html]
[s0.wp.com/wp-content/mu-plugins/actionbar/actionbar2866.css]
[cdn.ampproject.org/v0.js]
[ginomallare.wordpress.com/2015/05/16/bnw-challenge/index6809.html]
[cdn.ampproject.org/v0/amp-ad-0.1.js]
[cdn.ampproject.org/v0/amp-consent-0.1.js]
[cdn.ampproject.org/v0/amp-geo-0.1.js]
[cdn.ampproject.org/v0/amp-social-share-0.1.js]
[ginomallare.wordpress.com/wp-content/mu-plugins/social-logos/social-logosc8bb.eot]
[ginomallare.wordpress.com/wp-content/mu-plugins/social-logos/social-logos.woff]
[ginomallare.wordpress.com/wp-content/mu-plugins/social-logos/social-logosc8bb.ttf]
[pixel.wp.com/bf2f5.gif]
[pixel.wp.com/b63ca.gif]
[ginomallare.wordpress.com/2015/05/16/mark-gracey/amp/index.html]
[ginomallare.files.wordpress.com/2015/05/mng-1-2.html]
[ginomallare.wordpress.com/2015/05/16/mark-gracey/index9a7b.html]
[ginomallare.wordpress.com/2015/05/16/mark-gracey/index5a58.html]
[ginomallare.wordpress.com/category/prenup/feed/index.html]
[ginomallare.wordpress.com/category/prenup/GET]
[ginomallare.wordpress.com/category/prenup/index.html]
[ginomallare.wordpress.com/author/ginomallare/feed/index.html]
[ginomallare.wordpress.com/author/ginomallare/GET]
[ginomallare.wordpress.com/author/ginomallare/index.html]
[ginomallare.wordpress.com/2015/05/16/mark-gracey/GET.html]
[s0.wp.com/_static/index9467.html]
[pixel.wp.com/b3f1e.gif]
[ginomallare.wordpress.com/2015/05/16/bnw-challenge/amp/index.html]
[pixel.wp.com/bb595.gif]
[ginomallare.wordpress.com/2015/05/16/bnw-challenge/index9a7b.html]
[ginomallare.wordpress.com/2015/05/16/bnw-challenge/index5a58.html]
[ginomallare.wordpress.com/category/landscape/feed/index.html]
[ginomallare.wordpress.com/category/landscape/GET]
[ginomallare.wordpress.com/category/landscape/index.html]
[ginomallare.wordpress.com/2015/05/16/bnw-challenge/index7610.html]
[ginomallare.wordpress.com/2015/05/16/bnw-challenge/index6809.html]
[ginomallare.wordpress.com/2015/05/16/bnw-challenge/GET.html]
[s2.wp.com/wp-content/plugins/amp-2.0/assets/images/placeholder-icon.png]
[ginomallare.wordpress.com/category/prenup/GET.html]
[ginomallare.wordpress.com/author/ginomallare/GET.html]
[ginomallare.wordpress.com/category/landscape/GET.html]
